  Determining projects to restore...
/app/Remex.Host/Remex.Host.csproj : warning NU1510: PackageReference Microsoft.Win32.Registry will not be pruned. Consider removing this package from your dependencies, as it is likely unnecessary. [/app/Remex.Host.Tests/Remex.Host.Tests.csproj]
/app/Remex.Host/Remex.Host.csproj : warning NU1510: PackageReference System.Threading.AccessControl will not be pruned. Consider removing this package from your dependencies, as it is likely unnecessary. [/app/Remex.Host.Tests/Remex.Host.Tests.csproj]
/app/Remex.Core/Remex.Core.csproj : warning NU1510: PackageReference System.Threading.AccessControl will not be pruned. Consider removing this package from your dependencies, as it is likely unnecessary. [/app/Remex.Host.Tests/Remex.Host.Tests.csproj]
  Restored /app/Remex.Host.Tests/Remex.Host.Tests.csproj (in 3.01 sec).
  Restored /app/Remex.Host/Remex.Host.csproj (in 3 sec).
  1 of 3 projects are up-to-date for restore.
/app/Remex.Core/Remex.Core.csproj : warning NU1510: PackageReference System.Threading.AccessControl will not be pruned. Consider removing this package from your dependencies, as it is likely unnecessary.
/app/Remex.Host/Remex.Host.csproj : warning NU1510: PackageReference Microsoft.Win32.Registry will not be pruned. Consider removing this package from your dependencies, as it is likely unnecessary.
/app/Remex.Host/Remex.Host.csproj : warning NU1510: PackageReference System.Threading.AccessControl will not be pruned. Consider removing this package from your dependencies, as it is likely unnecessary.
  Remex.Core -> /app/Remex.Core/bin/Debug/net10.0/Remex.Core.dll
  Remex.Host -> /app/Remex.Host/bin/Debug/net10.0/Remex.Host.dll
  Remex.Host.Tests -> /app/Remex.Host.Tests/bin/Debug/net10.0/Remex.Host.Tests.dll
Test run for /app/Remex.Host.Tests/bin/Debug/net10.0/Remex.Host.Tests.dll (.NETCoreApp,Version=v10.0)
VSTest version 18.0.1 (x64)

Starting test execution, please wait...
A total of 1 test files matched the specified pattern.

Passed!  - Failed:     0, Passed:     9, Skipped:     0, Total:     9, Duration: 1 s - Remex.Host.Tests.dll (net10.0)
